`2[0;37m[0;37mีอออออออออออออออออออออออออออออออออออัออออออออออออออออออออออออัออออออออออออออธ
ณ [0;31;1mThe Latest Scoop from the [0;37;1mSysops  [0;37mณ [0;33;1mThe Programmer's Oasis [0;37mณ [0;32;1mNov 17, 1989 [0;37mณ 
ิอออออออออออออออออออออออออออออออออออฯออออออออออออออออออออออออฯออออออออออออออพ
`3

[0;31;1mHello there [0;37;1m`B`C


[0;32;1m1> [0;33;1mImportant Bulletins
   [0;37m-------------------

   [0;36;1ma.  [0;32mNotice!  This BBS will no longer be accessible during [0;31;1m4 to 5 am [0;32msince 
       that time is [0;35;1mZone Mail Hour[0;32m.  
   [0;36;1mb.  [0;32mEverything has been lost from this BBS due to a disk crash.  The
       tape backup was damaged also, so the Oasis is starting from scratch.
       If you have any files that you downloaded from here in their original
       form, please upload them!!  
   [0;36;1mc.  [0;32mScott and I are working as quickly as possible to get our BBS back
       up to snuff.  Please be patient with us!
   [0;36;1md.  [0;32mSince the user list was lost also, everyone will have to 
       start from scratch again.  Sorry about that.


[0;32;1m2> [0;33;1mEvents in the Community
   [0;37m-----------------------

   [0;35;1ma.  [0;36mThe [0;31;1mBurlington PC Users Group [0;36mhas shifted its meeting from the [0;37;1m[5m2nd 
       Tuesday[0;36m every month to the [0;33;1m[5m1st Tuesday[0;36m.  The meeting place has
       shifted from [0;31;1m[5mElon College[0;36m to [0;32;1m[5mBrookwood Baptist [0;36m(Davis St) fellowship
       hall.  Please take note of this.
   [0;35;1mb.  [0;36mThe next meeting of the [0;37;1mPC Users Group [0;36mwill be [0;31;1mDecember 5[0;36m.  The 
       program will be the first of a series called [0;32;1m"Multitasking Now"[0;36m.  
       Chris Laforet will be presenting [0;31;1mOS/2 [0;36mas a viable alternative to DOS!
       On January 2, Tom Clark will present [0;36;1mDESQVIEW[0;36m.


[0;31;1mPress ENTER to continue...`4  
