WATCOM Linker Version 10.0
Copyright by WATCOM International Corp. 1985, 1994. All rights reserved.
Created on:       94/10/07 03:42:00
Executable Image: sapack.exe
creating an OS/2 executable


                        +------------+
                        |   Groups   |
                        +------------+

Group                           Address              Size
=====                           =======              ====

DGROUP                          0002:0000            00001aa0



                        +--------------+
                        |   Segments   |
                        +--------------+

Segment                Class          Group          Address         Size
=======                =====          =====          =======         ====

BEGTEXT                CODE                          0001:0000       00000007
_TEXT                  CODE                          0001:0010       00006157
_NULL                  BEGDATA        DGROUP         0002:0000       00000020
_AFTERNULL             BEGDATA        DGROUP         0002:0020       00000002
CONST                  DATA           DGROUP         0002:0022       0000027c
CONST2                 DATA           DGROUP         0002:029e       00000000
_DATA                  DATA           DGROUP         0002:029e       000002b0
XIB                    DATA           DGROUP         0002:054e       00000000
XI                     DATA           DGROUP         0002:054e       0000001e
XIE                    DATA           DGROUP         0002:056c       00000000
YIB                    DATA           DGROUP         0002:056c       00000000
YI                     DATA           DGROUP         0002:056c       0000000c
YIE                    DATA           DGROUP         0002:0578       00000000
STRINGS                DATA           DGROUP         0002:0578       00000000
_EMU_INIT_START        EMU            DGROUP         0002:0578       00000000
_EMU_INIT_END          EMU            DGROUP         0002:0578       00000000
_BSS                   BSS            DGROUP         0002:0578       00000528
STACK                  STACK          DGROUP         0002:0aa0       00001000


                        +----------------+
                        |   Memory Map   |
                        +----------------+

* = unreferenced symbol
+ = symbol only referenced locally

Address        Symbol
=======        ======

Module: sapack.obj(G:\SIMPLEX\sapack\SAPACK.C)
0001:0010+     get_date_
0001:0046+     signal_trap_
0001:0047      main_
0002:0578+     _bbspath
0002:0678+     _copybuffer
Module: f:\watcom\lib286\os2\clibs.lib(iob)
0002:029e      ___iob
0002:03b6*     ___tmpfnext
0002:03b7      __fmode
0002:086c      ___ClosedStreams
Module: f:\watcom\lib286\os2\clibs.lib(fprintf)
0001:03c3      fprintf_
Module: f:\watcom\lib286\os2\clibs.lib(getenv)
0001:03e1      getenv_
Module: f:\watcom\lib286\os2\clibs.lib(gtcwdos2)
0001:043c      getcwd_
Module: f:\watcom\lib286\os2\clibs.lib(sprintf)
0001:04d6      sprintf_
Module: f:\watcom\lib286\os2\clibs.lib(signlo16)
0001:0504+     __sigabort_
0001:050a      __sigfpe_handler_
0001:05a0      signal_
0001:0652+     raise_
Module: f:\watcom\lib286\os2\clibs.lib(splitpat)
0001:06e3      _splitpath_
Module: f:\watcom\lib286\os2\clibs.lib(fopen)
0001:0778+     __open_flags_
0001:08cc+     _fsopen_
0001:08e3      fopen_
0001:0943*     freopen_
Module: f:\watcom\lib286\os2\clibs.lib(fread)
0001:097a      fread_
Module: f:\watcom\lib286\os2\clibs.lib(ftell)
0001:0aee      ftell_
Module: f:\watcom\lib286\os2\clibs.lib(fseek)
0001:0b76      fseek_
Module: f:\watcom\lib286\os2\clibs.lib(fwrite)
0001:0c73      fwrite_
Module: f:\watcom\lib286\os2\clibs.lib(fclose)
0001:0df8      fclose_
0001:0e1a      __shutdown_stream_
0001:0e37+     __MkTmpFile_
0001:0e99      __doclose_
Module: f:\watcom\lib286\os2\clibs.lib(printf)
0001:0f17      printf_
Module: f:\watcom\lib286\os2\clibs.lib(unlnkos2)
0001:0f35      unlink_
Module: f:\watcom\lib286\os2\clibs.lib(renamos2)
0001:0f52      rename_
Module: f:\watcom\lib286\os2\clibs.lib(cstrto16)
0001:0003*     ___begtext
0002:0000*     __nullarea
0001:0f70      _cstart_
0001:0f70*     __DLLstart_
Module: f:\watcom\lib286\os2\clibs.lib(cmodel)
0001:1004      _small_code_
0001:1004*     CodeModelMismatch
Module: f:\watcom\lib286\os2\clibs.lib(argcv086)
0002:043e      __argc
0002:0440      __argv
Module: f:\watcom\lib286\os2\clibs.lib(stinit)
0002:086e      ___OpenStreams
Module: f:\watcom\lib286\os2\clibs.lib(fprtf)
0001:1013      __fprtf_
Module: f:\watcom\lib286\os2\clibs.lib(environ)
0002:0444      _environ
0002:0446      ___env_mask
Module: f:\watcom\lib286\os2\clibs.lib(strnicmp)
0001:1078      strnicmp_
Module: f:\watcom\lib286\os2\clibs.lib(dosret)
0001:10c1*     _dosret0_
0001:10c8*     _dosretax_
0001:10cd      __set_errno_dos_
Module: f:\watcom\lib286\os2\clibs.lib(nmalloc)
0001:1111      _nmalloc_
0001:1111      malloc_
0002:045c      ___nheapbeg
0002:045e      ___MiniHeapRover
0002:0460      ___LargestSizeB4MiniHeapRover
Module: f:\watcom\lib286\os2\clibs.lib(seterrno)
0001:11bf*     __set_EDOM_
0001:11c2      __set_errno_
0001:11d0*     __set_ERANGE_
0001:11d5*     __set_EINVAL_
0001:11df      __set_doserrno_
0001:11e8*     __FPE_exception_
Module: f:\watcom\lib286\os2\clibs.lib(strncpy)
0001:11ed      strncpy_
Module: f:\watcom\lib286\os2\clibs.lib(prtf)
0001:1216      __prtf_
Module: f:\watcom\lib286\os2\clibs.lib(exit)
0001:1aa3      __null_int23_exit_
0001:1aa4      exit_
0001:1ab6+     _exit_
0002:0462+     ___atexit
0002:0464      ___int23_exit
0002:0466      ___FPE_handler_exit
Module: f:\watcom\lib286\os2\clibs.lib(abort)
0001:1ad1*     abort_
0001:1ad5      __terminate_
0002:0468      ___abort
Module: f:\watcom\lib286\math87s.lib(grabfpe)
0001:1ae5      __grab_fpe_
Module: f:\watcom\lib286\os2\clibs.lib(tolower)
0001:1ae8      tolower_
0001:1ae8*     _tolower_
Module: f:\watcom\lib286\os2\clibs.lib(openos2)
0001:1af9*     open_
0001:1b17      sopen_
Module: f:\watcom\lib286\os2\clibs.lib(allocfp)
0001:1c60      __allocfp_
0001:1cf4      __freefp_
0001:1d21      __purgefp_
Module: f:\watcom\lib286\os2\clibs.lib(chktty)
0001:1d43      __chktty_
Module: f:\watcom\lib286\os2\clibs.lib(winrtns)
0002:046a      __WindowsIsWindowedHandle
0002:046c      __WindowsRemoveWindowedHandle
0002:046e      __WindowsNewWindow
0002:0470      __WindowsCloseWindow
0002:0472*     __WindowsSetAbout
0002:0474*     __WindowsSetAppTitle
0002:0476*     __WindowsSetConTitle
0002:0478*     __WindowsDestroyOnClose
0002:047a*     __WindowsYieldControl
0002:047c*     __WindowsShutDown
0002:047e      __WindowsStdin
0002:0480      __WindowsStdout
0002:0482*     __WindowsKbhit
0002:0484      __WindowsGetch
0002:0486*     __WindowsGetche
0002:0488      __WindowsPutch
0002:048a      __WindowExitRtn
Module: f:\watcom\lib286\os2\clibs.lib(ioalloc)
0001:1d66      __ioalloc_
Module: f:\watcom\lib286\os2\clibs.lib(qread)
0001:1dc3      __qread_
Module: f:\watcom\lib286\os2\clibs.lib(fgetc)
0001:1e10*     fgetc_
0001:1e73+     __filbuf_
0001:1e90      __fill_buffer_
Module: f:\watcom\lib286\os2\clibs.lib(tellos2)
0001:1f1c      tell_
Module: f:\watcom\lib286\os2\clibs.lib(flush)
0001:1f52      __flush_
Module: f:\watcom\lib286\os2\clibs.lib(lseekos2)
0001:1fe8      lseek_
0001:1fe8*     _lseek_
Module: f:\watcom\lib286\os2\clibs.lib(write)
0001:201d      write_
Module: f:\watcom\lib286\os2\clibs.lib(fputc)
0001:224c      fputc_
Module: f:\watcom\lib286\os2\clibs.lib(gtpidos2)
0001:22d4      getpid_
Module: f:\watcom\lib286\os2\clibs.lib(_clseos2)
0001:22f1      __close_
Module: f:\watcom\lib286\os2\clibs.lib(nfree)
0001:233f      _nfree_
0001:233f      free_
Module: f:\watcom\lib286\os2\clibs.lib(remove)
0001:237c      remove_
Module: f:\watcom\lib286\os2\clibs.lib(maino16)
0001:237f+     __null_FPE_handler_
0001:2380      __OS2Main
0001:2440*     _Not_Enough_Memory_
0001:2450      __exit_
0002:048c      ___FPE_handler
0002:0870      __LpCmdLine
0002:0874      __LpPgmName
0002:0878+     __HShift
0002:087a      __STACKTOP
0002:087c      __STACKLOW
0002:087e      __curbrk
0002:0880      __cbyte2
0002:0882      __cbyte
0002:0884+     __dynend
0002:0886+     __osminor
0002:0887+     __osmajor
0002:0888      __osmode
Module: f:\watcom\lib286\os2\clibs.lib(seg086)
0001:246c      __DOSseg__
Module: f:\watcom\lib286\os2\clibs.lib(initargv)
0001:246d      __Init_Argv_
Module: f:\watcom\lib286\os2\clibs.lib(initfile)
0001:25e6      __InitFiles_
Module: f:\watcom\lib286\os2\clibs.lib(ioexit)
0001:263d      __full_io_exit_
0001:2645*     fcloseall_
Module: f:\watcom\lib286\os2\clibs.lib(setenvp)
0001:2693      __setenvp_
Module: f:\watcom\lib286\os2\clibs.lib(memalloc)
0001:276e      __MemAllocator
0001:2812      __MemFree
Module: f:\watcom\lib286\os2\clibs.lib(grownear)
0001:2985+     __LastFree_
0001:29a9      __ExpandDGROUP_
Module: f:\watcom\lib286\os2\clibs.lib(nmemneed)
0001:2abc      __nmemneed_
Module: f:\watcom\lib286\os2\clibs.lib(heapmod)
0002:088a      ___fheap_clean
0002:088b      ___nheap_clean
Module: f:\watcom\lib286\os2\clibs.lib(errno)
0001:2abf      __get_errno_ptr_
0001:2ac3      __get_doserrno_ptr_
0002:088c+     __doserrno
0002:088e+     _errno
Module: f:\watcom\lib286\os2\clibs.lib(itoa)
0001:2aec+     utoa_
0001:2b30      itoa_
0001:2b30*     _itoa_
Module: f:\watcom\lib286\os2\clibs.lib(i4m)
0001:2b4a*     __I4M
0001:2b4a      __U4M
Module: f:\watcom\lib286\os2\clibs.lib(noefgfmt)
0002:0490      ___EFG_printf
0002:0492*     ___EFG_scanf
Module: f:\watcom\lib286\os2\clibs.lib(ltoa)
0001:2b97      ultoa_
0001:2be9      ltoa_
0001:2be9*     _ltoa_
Module: f:\watcom\lib286\os2\clibs.lib(toupper)
0001:2c07      toupper_
0001:2c07*     _toupper_
Module: f:\watcom\lib286\os2\clibs.lib(xmsgo16)
0001:2c15+     __exit_with_msg_
0001:2c49      __fatal_runtime_error_
Module: f:\watcom\lib286\os2\clibs.lib(grabfp87)
0001:2c60      __GrabFP87_
Module: f:\watcom\lib286\os2\clibs.lib(iomode)
0001:2c80      __IOMode_
0001:2cc7      __SetIOMode_
0002:0494      ___NFiles
0002:0496      ___init_mode
0002:04be      __iomode
Module: f:\watcom\lib286\os2\clibs.lib(stricmp)
0001:2cd7      stricmp_
0001:2cd7*     _stricmp_
0001:2cd7*     strcmpi_
Module: f:\watcom\lib286\os2\clibs.lib(isattos2)
0001:2d13      isatty_
Module: f:\watcom\lib286\os2\clibs.lib(flushall)
0001:2d40*     flushall_
0001:2d43      __flushall_
Module: f:\watcom\lib286\os2\clibs.lib(gtcheos2)
0001:2d72      getche_
Module: f:\watcom\lib286\os2\clibs.lib(qwrit)
0001:2d92      __qwrite_
Module: f:\watcom\lib286\os2\clibs.lib(stack086)
0001:2e0c      stackavail_
Module: f:\watcom\lib286\os2\clibs.lib(stko16)
0001:2e16*     __STK
0001:2e26      __STKOVERFLOW_
Module: f:\watcom\lib286\os2\clibs.lib(growiomd)
0001:2e39      __grow_iomode_
Module: f:\watcom\lib286\os2\clibs.lib(inirt086)
0001:2f10      __InitRtns
0001:2f2e      __FiniRtns
0001:2f47*     __FInitRtns
0001:2f4b*     __FFiniRtns
Module: f:\watcom\lib286\os2\clibs.lib(cmain086)
0001:2f4f      __CMain
Module: f:\watcom\lib286\os2\clibs.lib(___argc)
0002:0890      ____Argc
0002:0892      ____Argv
Module: f:\watcom\lib286\os2\clibs.lib(heapen)
0001:2f65*     _heapenable_
0002:04c0      ___heap_enabled
Module: f:\watcom\lib286\os2\clibs.lib(sbrk)
0001:2f71*     sbrk_
0001:2f75      __brk_
Module: f:\watcom\lib286\os2\clibs.lib(amblksiz)
0002:04c2      __amblksiz
Module: f:\watcom\lib286\os2\clibs.lib(enterdb)
0001:2fb8      __EnterWVIDEO_
0002:04c4+     ___WD_Present
Module: f:\watcom\lib286\os2\clibs.lib(hookfpe)
0001:2fd4      __Init_FPE_handler_
0001:3013      __Fini_FPE_handler_
Module: f:\watcom\lib286\os2\clibs.lib(fpe87)
0001:3036      __Enable_FPE_
0001:3051      __FPEHandler
Module: f:\watcom\lib286\os2\clibs.lib(getchos2)
0001:32f3      getch_
Module: f:\watcom\lib286\os2\clibs.lib(putchos2)
0001:3368      putch_
Module: f:\watcom\lib286\os2\clibs.lib(nrealloc)
0001:33a7*     _nrealloc_
0001:33a7      realloc_
Module: f:\watcom\lib286\os2\clibs.lib(_getds)
0001:3418      __GETDS
Module: f:\watcom\lib286\os2\clibs.lib(_8087086)
0002:04dc      __8087
0002:04dd      __real87
Module: f:\watcom\lib286\os2\emu87.lib(initemu2.asm)
0000:0000*     FIARQQ
0000:0000*     FJARQQ
0000:0000*     FICRQQ
0000:0000*     FJCRQQ
0000:0000      FIDRQQ
0000:0000      FIERQQ
0000:0000*     FISRQQ
0000:0000*     FJSRQQ
0000:0000      FIWRQQ
0001:3431*     __fini_87_emulator
0001:3420*     __init_87_emulator
Module: f:\watcom\lib286\os2\clibs.lib(nmsize)
0001:3437      _nmsize_
0001:3437*     _msize_
Module: f:\watcom\lib286\os2\clibs.lib(nexpand)
0001:3444      _nexpand_
0001:3444*     _expand_
0001:346b+     __HeapManager_expand_
Module: f:\watcom\lib286\os2\clibs.lib(chk8087)
0001:3632      __init_8087_
0001:364b*     _fpreset_
0001:3653      __chk8087_
Module: f:\watcom\lib286\os2\clibs.lib(hk87o16)
0001:368d      __hook8087_
0001:36d8      __unhook8087_
Module: f:\watcom\lib286\os2\clibs.lib(ini87086)
0001:36fa      __init_8087_emu
0001:36fe      __init_80x87
Module: f:\watcom\lib286\os2\clibs.lib(bfree)
0001:3733      _bfree_
Module: f:\watcom\lib286\os2\clibs.lib(save8087)
0002:04de      ___Save8087
0002:04e0      ___Rest8087
Module: f:\watcom\lib286\os2\clibs.lib(8087cw)
0002:04e2      __8087cw
Module: f:\watcom\lib286\os2\emu87.lib(emu8087.ASM)
0001:3808      __int7
0001:3822*     __DPMI_int7


                        +----------------------+
                        |   Imported Symbols   |
                        +----------------------+

Symbol                              Module
======                              ======

DOSGETDATETIME                      DOSCALLS
DOSQCURDIR                          DOSCALLS
DOSQCURDISK                         DOSCALLS
DOSSETSIGHANDLER                    DOSCALLS
DOSDELETE                           DOSCALLS
DOSMOVE                             DOSCALLS
DOSOPEN                             DOSCALLS
DOSREAD                             DOSCALLS
DOSCHGFILEPTR                       DOSCALLS
DOSWRITE                            DOSCALLS
DOSGETPID                           DOSCALLS
DOSCLOSE                            DOSCALLS
DOSGETHUGESHIFT                     DOSCALLS
DOSGETMACHINEMODE                   DOSCALLS
DOSGETVERSION                       DOSCALLS
DOSEXIT                             DOSCALLS
DOSGETENV                           DOSCALLS
VIOWRTTTY                           VIOCALLS
DOSQHANDTYPE                        DOSCALLS
DOSREALLOCSEG                       DOSCALLS
DOSDEVCONFIG                        DOSCALLS
DOSSETVEC                           DOSCALLS
KBDCHARIN                           KBDCALLS


                        +--------------------+
                        |   Libraries Used   |
                        +--------------------+

f:\watcom\lib286\os2\clibs.lib
e:\lib\os2.lib
f:\watcom\lib286\math87s.lib
f:\watcom\lib286\os2\emu87.lib


                        +-----------------------+
                        |   Linker Statistics   |
                        +-----------------------+

Stack size:  1000 (4096.)
Memory size:  7c07 (31751.)
Entry point address: 0001:0f70
