WATCOM Linker Version 10.0
Copyright by WATCOM International Corp. 1985, 1994. All rights reserved.
Created on:       94/10/07 04:34:22
Executable Image: spack2.exe
creating an OS/2 executable


                        +------------+
                        |   Groups   |
                        +------------+

Group                           Address              Size
=====                           =======              ====

DGROUP                          0002:0000            00003620



                        +--------------+
                        |   Segments   |
                        +--------------+

Segment                Class          Group          Address         Size
=======                =====          =====          =======         ====

BEGTEXT                CODE                          0001:0000       00000007
_TEXT                  CODE                          0001:0010       00007f43
_NULL                  BEGDATA        DGROUP         0002:0000       00000020
_AFTERNULL             BEGDATA        DGROUP         0002:0020       00000002
CONST                  DATA           DGROUP         0002:0022       000007e4
CONST2                 DATA           DGROUP         0002:0806       00000000
_DATA                  DATA           DGROUP         0002:0806       00000326
XIB                    DATA           DGROUP         0002:0b2c       00000000
XI                     DATA           DGROUP         0002:0b2c       00000024
XIE                    DATA           DGROUP         0002:0b50       00000000
YIB                    DATA           DGROUP         0002:0b50       00000000
YI                     DATA           DGROUP         0002:0b50       0000000c
YIE                    DATA           DGROUP         0002:0b5c       00000000
STRINGS                DATA           DGROUP         0002:0b5c       00000000
_EMU_INIT_START        EMU            DGROUP         0002:0b5c       00000000
_EMU_INIT_END          EMU            DGROUP         0002:0b5c       00000000
_BSS                   BSS            DGROUP         0002:0b5c       000002b6
STACK                  STACK          DGROUP         0002:0e20       00002800


                        +----------------+
                        |   Memory Map   |
                        +----------------+

* = unreferenced symbol
+ = symbol only referenced locally

Address        Symbol
=======        ======

Module: os2\spack.obj(G:\SIMPLEX\spack\SPACK.C)
0001:0010+     signal_trap_
0001:0011      main_
0002:0806      _valid_headers
0002:0808      _deleted_headers
0002:080a      _valid_bytes
0002:080e      _deleted_bytes
0002:0812      _inplace
0002:0814*     _keep
0002:0816+     _pack
0002:0818+     _ana
0002:081a      _kill
0002:081c      _quiet_flag
0002:0b5c      _bbodyfd
0002:0b60      _bheadfd
0002:0b64      _mdatafd
0002:0b68      _mheadfd
0002:0b6c      _mbodyfd
0002:0b70      _mlinkfd
0002:0b74      _bbspath
Module: os2\s_analys.obj(G:\SIMPLEX\spack\S_ANALYS.C)
0001:053b      analyse_
Module: os2\s_pack.obj(G:\SIMPLEX\spack\S_PACK.C)
0001:0852      do_pack_
Module: f:\watcom\lib286\os2\clibc.lib(iob)
0002:081e      ___iob
0002:0986*     ___tmpfnext
0002:0987      __fmode
0002:0bd8      ___ClosedStreams
Module: f:\watcom\lib286\os2\clibc.lib(setbuf)
0001:1129      setbuf_
Module: f:\watcom\lib286\os2\clibc.lib(fprintf)
0001:1141      fprintf_
Module: f:\watcom\lib286\os2\clibc.lib(getenv)
0001:116c      getenv_
Module: f:\watcom\lib286\os2\clibc.lib(gtcwdos2)
0001:1202      getcwd_
Module: f:\watcom\lib286\os2\clibc.lib(signlo16)
0001:12a2+     __sigabort_
0001:12a8      __sigfpe_handler_
0001:1358      signal_
0001:1414+     raise_
Module: f:\watcom\lib286\os2\clibc.lib(printf)
0001:1482      printf_
Module: f:\watcom\lib286\os2\clibc.lib(sprintf)
0001:14ca      sprintf_
Module: f:\watcom\lib286\os2\clibc.lib(fopen)
0001:1504+     __open_flags_
0001:1687+     _fsopen_
0001:16ba      fopen_
0001:178e*     freopen_
Module: f:\watcom\lib286\os2\clibc.lib(fclose)
0001:17f7      fclose_
0001:1843      __shutdown_stream_
0001:1866+     __MkTmpFile_
0001:18d1      __doclose_
Module: f:\watcom\lib286\os2\clibc.lib(unlnkos2)
0001:1960      unlink_
Module: f:\watcom\lib286\os2\clibc.lib(renamos2)
0001:1979      rename_
Module: f:\watcom\lib286\os2\clibc.lib(cstrto16)
0001:0003*     ___begtext
0002:0000*     __nullarea
0001:1990      _cstart_
0001:1990*     __DLLstart_
Module: f:\watcom\lib286\os2\clibc.lib(cmodel)
0001:1a24      _small_code_
0001:1a24*     CodeModelMismatch
Module: f:\watcom\lib286\os2\clibc.lib(argcv086)
0002:0a10      __argc
0002:0a12      __argv
Module: f:\watcom\lib286\os2\clibc.lib(fseek)
0001:1a6f      fseek_
Module: f:\watcom\lib286\os2\clibc.lib(fread)
0001:1b8c      fread_
Module: f:\watcom\lib286\os2\clibc.lib(i4m)
0001:1d42      __I4M
0001:1d42      __U4M
Module: f:\watcom\lib286\os2\clibc.lib(fwrite)
0001:1d5a      fwrite_
Module: f:\watcom\lib286\os2\clibc.lib(fflush)
0001:1f03      fflush_
Module: f:\watcom\lib286\os2\clibc.lib(toupper)
0001:1f14      toupper_
0001:1f14*     _toupper_
Module: f:\watcom\lib286\os2\clibc.lib(filelen)
0001:1f22      filelength_
Module: f:\watcom\lib286\os2\clibc.lib(i4d)
0001:1f78      __I4D
0001:1fc5*     __U4D
Module: f:\watcom\lib286\os2\clibc.lib(calloc)
0001:2053      calloc_
Module: f:\watcom\lib286\os2\clibc.lib(exit)
0001:2094      __null_int23_exit_
0001:2095      exit_
0001:20ae+     _exit_
0002:0a16+     ___atexit
0002:0a18      ___int23_exit
0002:0a1a      ___FPE_handler_exit
Module: f:\watcom\lib286\os2\clibc.lib(chsizos2)
0001:20cf      chsize_
Module: f:\watcom\lib286\os2\clibc.lib(ftell)
0001:20dc      ftell_
Module: f:\watcom\lib286\os2\clibc.lib(ffree)
0001:2130      _ffree_
0001:2130      free_
Module: f:\watcom\lib286\os2\clibc.lib(stinit)
0002:0bdc      ___OpenStreams
Module: f:\watcom\lib286\os2\clibc.lib(setvbuf)
0001:217c      setvbuf_
Module: f:\watcom\lib286\os2\clibc.lib(fprtf)
0001:220c      __fprtf_
Module: f:\watcom\lib286\os2\clibc.lib(environ)
0002:0a1c      _environ
0002:0a20      ___env_mask
Module: f:\watcom\lib286\os2\clibc.lib(strnicmp)
0001:228a      strnicmp_
Module: f:\watcom\lib286\os2\clibc.lib(dosret)
0001:22df*     _dosret0_
0001:22e6*     _dosretax_
0001:22eb      __set_errno_dos_
Module: f:\watcom\lib286\os2\clibc.lib(fmalloc)
0001:2336      _fmalloc_
0001:2336      malloc_
0002:0a38+     ___fheap
0002:0a3a      ___fheapRover
0002:0a3c      ___LargestSizeB4Rover
0002:0b3e*     ___fmalloc_force_nheapgrow
Module: f:\watcom\lib286\os2\clibc.lib(seterrno)
0001:2435*     __set_EDOM_
0001:2438      __set_errno_
0001:244c*     __set_ERANGE_
0001:2451*     __set_EINVAL_
0001:245b      __set_doserrno_
0001:2466*     __FPE_exception_
Module: f:\watcom\lib286\os2\clibc.lib(strncpy)
0001:2474      strncpy_
Module: f:\watcom\lib286\os2\clibc.lib(abort)
0001:24c1*     abort_
0001:24d0      __terminate_
0002:0a3e      ___abort
Module: f:\watcom\lib286\math87c.lib(grabfpe)
0001:24e0      __grab_fpe_
Module: f:\watcom\lib286\os2\clibc.lib(prtf)
0001:24e3      __prtf_
Module: f:\watcom\lib286\os2\clibc.lib(tolower)
0001:2f59      tolower_
0001:2f59*     _tolower_
Module: f:\watcom\lib286\os2\clibc.lib(openos2)
0001:2f77*     open_
0001:2fac      sopen_
Module: f:\watcom\lib286\os2\clibc.lib(allocfp)
0001:312b      __allocfp_
0001:3235      __freefp_
0001:32ac      __purgefp_
Module: f:\watcom\lib286\os2\clibc.lib(chktty)
0001:32ed      __chktty_
Module: f:\watcom\lib286\os2\clibc.lib(winrtns)
0002:0a40      __WindowsIsWindowedHandle
0002:0a42      __WindowsRemoveWindowedHandle
0002:0a44      __WindowsNewWindow
0002:0a46      __WindowsCloseWindow
0002:0a48*     __WindowsSetAbout
0002:0a4a*     __WindowsSetAppTitle
0002:0a4c*     __WindowsSetConTitle
0002:0a4e*     __WindowsDestroyOnClose
0002:0a50*     __WindowsYieldControl
0002:0a52*     __WindowsShutDown
0002:0a54      __WindowsStdin
0002:0a56      __WindowsStdout
0002:0a58*     __WindowsKbhit
0002:0a5a      __WindowsGetch
0002:0a5c*     __WindowsGetche
0002:0a5e      __WindowsPutch
0002:0a60      __WindowExitRtn
Module: f:\watcom\lib286\os2\clibc.lib(gtpidos2)
0001:3314      getpid_
Module: f:\watcom\lib286\os2\clibc.lib(flush)
0001:3331      __flush_
Module: f:\watcom\lib286\os2\clibc.lib(lseekos2)
0001:33e1      lseek_
0001:33e1*     _lseek_
Module: f:\watcom\lib286\os2\clibc.lib(_clseos2)
0001:3416      __close_
Module: f:\watcom\lib286\os2\clibc.lib(remove)
0001:346b      remove_
Module: f:\watcom\lib286\os2\clibc.lib(maino16)
0001:3482+     __null_FPE_handler_
0001:3483      __OS2Main
0001:3551*     _Not_Enough_Memory_
0001:3561      __exit_
0002:0a62      ___FPE_handler
0002:0be0      __LpCmdLine
0002:0be4      __LpPgmName
0002:0be8+     __HShift
0002:0bea      __STACKTOP
0002:0bec      __STACKLOW
0002:0bee      __curbrk
0002:0bf0      __cbyte2
0002:0bf2      __cbyte
0002:0bf4+     __dynend
0002:0bf6+     __osminor
0002:0bf7+     __osmajor
0002:0bf8      __osmode
Module: f:\watcom\lib286\os2\clibc.lib(seg086)
0001:357c      __DOSseg__
Module: f:\watcom\lib286\os2\clibc.lib(initargv)
0001:357d      __Init_Argv_
Module: f:\watcom\lib286\os2\clibc.lib(tellos2)
0001:3781      tell_
Module: f:\watcom\lib286\os2\clibc.lib(ioalloc)
0001:37b7      __ioalloc_
Module: f:\watcom\lib286\os2\clibc.lib(qread)
0001:382b      __qread_
Module: f:\watcom\lib286\os2\clibc.lib(fgetc)
0001:387a*     fgetc_
0001:38e7+     __filbuf_
0001:3908      __fill_buffer_
Module: f:\watcom\lib286\os2\clibc.lib(write)
0001:39b0      write_
Module: f:\watcom\lib286\os2\clibc.lib(fputc)
0001:3c31      fputc_
Module: f:\watcom\lib286\os2\clibc.lib(flushall)
0001:3cd3      flushall_
0001:3cd6      __flushall_
Module: f:\watcom\lib286\os2\clibc.lib(nmalloc)
0001:3d2f      _nmalloc_
0002:0a66      ___nheapbeg
0002:0a68      ___MiniHeapRover
0002:0a6a      ___LargestSizeB4MiniHeapRover
Module: f:\watcom\lib286\os2\clibc.lib(nfree)
0001:3df4      _nfree_
Module: f:\watcom\lib286\os2\clibc.lib(memalloc)
0001:3e4e      __MemAllocator
0001:3ef2      __MemFree
Module: f:\watcom\lib286\os2\clibc.lib(heapmod)
0002:0bfa      ___fheap_clean
0002:0bfb+     ___nheap_clean
Module: f:\watcom\lib286\os2\clibc.lib(initfile)
0001:402b      __InitFiles_
Module: f:\watcom\lib286\os2\clibc.lib(ioexit)
0001:40cc      __full_io_exit_
0001:40d4*     fcloseall_
Module: f:\watcom\lib286\os2\clibc.lib(setenvp)
0001:4155      __setenvp_
Module: f:\watcom\lib286\os2\clibc.lib(hpgrw086)
0001:4272      __CMain_nheapgrow_
Module: f:\watcom\lib286\os2\clibc.lib(allocseg)
0001:4275      __AllocSeg_
Module: f:\watcom\lib286\os2\clibc.lib(growseg)
0001:4321      __GrowSeg_
Module: f:\watcom\lib286\os2\clibc.lib(fmemneed)
0001:4422      __fmemneed_
Module: f:\watcom\lib286\os2\clibc.lib(errno)
0001:4425      __get_errno_ptr_
0001:442c      __get_doserrno_ptr_
0002:0bfc+     __doserrno
0002:0bfe+     _errno
Module: f:\watcom\lib286\os2\clibc.lib(xmsgo16)
0001:4433+     __exit_with_msg_
0001:4467      __fatal_runtime_error_
Module: f:\watcom\lib286\os2\clibc.lib(grabfp87)
0001:447e      __GrabFP87_
Module: f:\watcom\lib286\os2\clibc.lib(itoa)
0001:44cb+     utoa_
0001:4522      itoa_
0001:4522*     _itoa_
Module: f:\watcom\lib286\os2\clibc.lib(noefgfmt)
0002:0a6c      ___EFG_printf
0002:0a6e*     ___EFG_scanf
Module: f:\watcom\lib286\os2\clibc.lib(ltoa)
0001:459a      ultoa_
0001:4603      ltoa_
0001:462f*     _ltoa_
Module: f:\watcom\lib286\os2\clibc.lib(iomode)
0001:463c      __IOMode_
0001:469a      __SetIOMode_
0002:0a70      ___NFiles
0002:0a72      ___init_mode
0002:0a9a      __iomode
Module: f:\watcom\lib286\os2\clibc.lib(stricmp)
0001:46b5      stricmp_
0001:46b5*     _stricmp_
0001:46b5*     strcmpi_
Module: f:\watcom\lib286\os2\clibc.lib(isattos2)
0001:46f6      isatty_
Module: f:\watcom\lib286\os2\clibc.lib(qwrit)
0001:4723      __qwrite_
Module: f:\watcom\lib286\os2\clibc.lib(growiomd)
0001:47ad      __grow_iomode_
Module: f:\watcom\lib286\os2\clibc.lib(inirt086)
0001:48ae      __InitRtns
0001:48cc      __FiniRtns
0001:48e5*     __FInitRtns
0001:48e9*     __FFiniRtns
Module: f:\watcom\lib286\os2\clibc.lib(cmain086)
0001:48ed      __CMain
Module: f:\watcom\lib286\os2\clibc.lib(___argc)
0002:0c00      ____Argv
0002:0c04      ____Argc
Module: f:\watcom\lib286\os2\clibc.lib(gtcheos2)
0001:4910      getche_
Module: f:\watcom\lib286\os2\clibc.lib(stack086)
0001:4937      stackavail_
Module: f:\watcom\lib286\os2\clibc.lib(stko16)
0001:494a*     __STK
0001:4961      __STKOVERFLOW_
Module: f:\watcom\lib286\os2\clibc.lib(grownear)
0001:49f9+     __LastFree_
0001:4a25      __ExpandDGROUP_
Module: f:\watcom\lib286\os2\clibc.lib(nmemneed)
0001:4b69      __nmemneed_
Module: f:\watcom\lib286\os2\clibc.lib(heapgrow)
0001:4b6c*     _heapgrow_
0001:4b6c*     _fheapgrow_
0001:4b6d      _nheapgrow_
Module: f:\watcom\lib286\os2\clibc.lib(heapen)
0001:4bc4*     _heapenable_
0002:0a9e      ___heap_enabled
Module: f:\watcom\lib286\os2\clibc.lib(amblksiz)
0002:0aa0      __amblksiz
Module: f:\watcom\lib286\os2\clibc.lib(enterdb)
0001:4bd7      __EnterWVIDEO_
0002:0aa2+     ___WD_Present
Module: f:\watcom\lib286\os2\clibc.lib(hookfpe)
0001:4c03      __Init_FPE_handler_
0001:4c4a      __Fini_FPE_handler_
Module: f:\watcom\lib286\os2\clibc.lib(fpe87)
0001:4c7a      __Enable_FPE_
0001:4c95      __FPEHandler
Module: f:\watcom\lib286\os2\clibc.lib(frealloc)
0001:4f37*     _frealloc_
0001:4f37      realloc_
Module: f:\watcom\lib286\os2\clibc.lib(_getds)
0001:5006      __GETDS
Module: f:\watcom\lib286\os2\clibc.lib(getchos2)
0001:500e      getch_
Module: f:\watcom\lib286\os2\clibc.lib(putchos2)
0001:508f      putch_
Module: f:\watcom\lib286\os2\clibc.lib(sbrk)
0001:50d5*     sbrk_
0001:50e6      __brk_
Module: f:\watcom\lib286\os2\clibc.lib(_8087086)
0002:0aba      __8087
0002:0abb      __real87
Module: f:\watcom\lib286\os2\emu87.lib(initemu2.asm)
0000:0000*     FIARQQ
0000:0000*     FJARQQ
0000:0000*     FICRQQ
0000:0000*     FJCRQQ
0000:0000      FIDRQQ
0000:0000      FIERQQ
0000:0000*     FISRQQ
0000:0000*     FJSRQQ
0000:0000      FIWRQQ
0001:514b*     __fini_87_emulator
0001:513a*     __init_87_emulator
Module: f:\watcom\lib286\os2\clibc.lib(fmsize)
0001:5151      _fmsize_
0001:5151*     _msize_
Module: f:\watcom\lib286\os2\clibc.lib(nexpand)
0001:5162      __HeapManager_expand_
0001:52ec      _nexpand_
Module: f:\watcom\lib286\os2\clibc.lib(fexpand)
0001:533a      _fexpand_
0001:533a*     _expand_
Module: f:\watcom\lib286\os2\clibc.lib(chk8087)
0001:5387      __init_8087_
0001:53ad*     _fpreset_
0001:53bf      __chk8087_
Module: f:\watcom\lib286\os2\clibc.lib(hk87o16)
0001:540f      __hook8087_
0001:5462      __unhook8087_
Module: f:\watcom\lib286\os2\clibc.lib(ini87086)
0001:5492      __init_8087_emu
0001:5496      __init_80x87
Module: f:\watcom\lib286\os2\clibc.lib(bfree)
0001:54cb      _bfree_
Module: f:\watcom\lib286\os2\clibc.lib(bexpand)
0001:54e9      _bexpand_
Module: f:\watcom\lib286\os2\clibc.lib(save8087)
0002:0abc      ___Save8087
0002:0abe      ___Rest8087
Module: f:\watcom\lib286\os2\clibc.lib(8087cw)
0002:0ac0      __8087cw
Module: f:\watcom\lib286\os2\emu87.lib(emu8087.ASM)
0001:55f4      __int7
0001:560e*     __DPMI_int7


                        +----------------------+
                        |   Imported Symbols   |
                        +----------------------+

Symbol                              Module
======                              ======

DOSQCURDISK                         DOSCALLS
DOSQFSINFO                          DOSCALLS
DOSQCURDIR                          DOSCALLS
DOSSETSIGHANDLER                    DOSCALLS
DOSDELETE                           DOSCALLS
DOSMOVE                             DOSCALLS
DOSNEWSIZE                          DOSCALLS
DOSOPEN                             DOSCALLS
DOSGETPID                           DOSCALLS
DOSCHGFILEPTR                       DOSCALLS
DOSCLOSE                            DOSCALLS
DOSGETHUGESHIFT                     DOSCALLS
DOSGETMACHINEMODE                   DOSCALLS
DOSGETVERSION                       DOSCALLS
DOSEXIT                             DOSCALLS
DOSREAD                             DOSCALLS
DOSWRITE                            DOSCALLS
DOSGETENV                           DOSCALLS
DOSALLOCSEG                         DOSCALLS
DOSREALLOCSEG                       DOSCALLS
VIOWRTTTY                           VIOCALLS
DOSQHANDTYPE                        DOSCALLS
DOSDEVCONFIG                        DOSCALLS
DOSSETVEC                           DOSCALLS
KBDCHARIN                           KBDCALLS


                        +--------------------+
                        |   Libraries Used   |
                        +--------------------+

f:\watcom\lib286\os2\clibc.lib
e:\lib\os2.lib
f:\watcom\lib286\math87c.lib
f:\watcom\lib286\os2\emu87.lib


                        +-----------------------+
                        |   Linker Statistics   |
                        +-----------------------+

Stack size:  2800 (10240.)
Memory size:  b573 (46451.)
Entry point address: 0001:1990
