WATCOM Linker Version 10.0
Copyright by WATCOM International Corp. 1985, 1994. All rights reserved.
Created on:       94/10/07 04:00:00
Executable Image: skill.exe
creating a DOS executable


                        +------------+
                        |   Groups   |
                        +------------+

Group                           Address              Size
=====                           =======              ====

DGROUP                          07d1:0000            00003d50



                        +--------------+
                        |   Segments   |
                        +--------------+

Segment                Class          Group          Address         Size
=======                =====          =====          =======         ====

BEGTEXT                CODE                          0000:0000       00000007
_TEXT                  CODE                          0000:0008       00007d02
FAR_DATA               FAR_DATA                      0000:7d0a       00000000
_NULL                  BEGDATA        DGROUP         07d1:0000       00000020
_AFTERNULL             BEGDATA        DGROUP         07d3:0000       00000002
CONST                  DATA           DGROUP         07d3:0002       000004f0
CONST2                 DATA           DGROUP         0822:0002       00000102
_DATA                  DATA           DGROUP         0832:0004       00000302
XIB                    DATA           DGROUP         0862:0006       00000000
XI                     DATA           DGROUP         0862:0006       0000002a
XIE                    DATA           DGROUP         0865:0000       00000000
STRINGS                DATA           DGROUP         0865:0000       00000000
YIB                    DATA           DGROUP         0865:0000       00000000
YI                     DATA           DGROUP         0865:0000       0000000c
YIE                    DATA           DGROUP         0865:000c       00000000
DATA                   DATA           DGROUP         0865:000c       00000000
BCSD                   DATA           DGROUP         0865:000c       00000000
_EMU_INIT_START        EMU            DGROUP         0865:000c       00000000
_EMU_INIT_END          EMU            DGROUP         0865:000c       00000000
_BSS                   BSS            DGROUP         0865:000c       00000c00
STACK                  STACK          DGROUP         0926:0000       00002800


                        +----------------+
                        |   Memory Map   |
                        +----------------+

* = unreferenced symbol
+ = symbol only referenced locally

Address        Symbol
=======        ======

Module: skill.obj(G:\SIMPLEX\skill\SKILL.C)
0000:0008+     signal_trap_
0000:0009      main_
07d1:0614      _kill_flag
07d1:0616      _confirm_flag
07d1:0618      _freed
07d1:061c      _kill_date
07d1:061e+     _areas
07d1:0622+     _cur_areas
07d1:0624+     _max_areas
07d1:0626+     _files
07d1:062a+     _cur_files
07d1:062c+     _max_files
07d1:094c+     _cfg
07d1:11c5+     _bbspath
Module: s_date.obj(G:\SIMPLEX\skill\S_DATE.C)
0000:0579      get_cdate_
0000:05c9      new_date_
Module: s_filfnd.obj(G:\SIMPLEX\skill\S_FILFND.C)
0000:066d      GET_FIRSTFILE
0000:06f0*     GET_NEXTFILE
0000:075e+     GET_CLOSEFILE
07d1:1216+     _find
Module: s_kill.obj(G:\SIMPLEX\skill\S_KILL.C)
0000:075f*     getyn_
0000:079d      kill_files_
07d1:062e+     _list
07d1:0632+     _cur_list
07d1:0634+     _max_list
Module: f:\watcom\lib286\dos\clibc.lib(iob)
07d1:0636      ___iob
07d1:079e*     ___tmpfnext
07d1:079f      __fmode
07d1:1334      ___ClosedStreams
Module: f:\watcom\lib286\dos\clibc.lib(setbuf)
0000:0ec2      setbuf_
Module: f:\watcom\lib286\dos\clibc.lib(fprintf)
0000:0edd      fprintf_
Module: f:\watcom\lib286\dos\clibc.lib(getenv)
0000:0f0a      getenv_
Module: f:\watcom\lib286\dos\clibc.lib(gtcwd)
0000:0fa2      getcwd_
Module: f:\watcom\lib286\dos\clibc.lib(signl)
0000:1036+     __sigabort_
0000:103c      __sigfpe_handler_
0000:1068      signal_
0000:10fa      raise_
Module: f:\watcom\lib286\dos\clibc.lib(sprintf)
0000:11be      sprintf_
Module: f:\watcom\lib286\dos\clibc.lib(fopen)
0000:11fb+     __open_flags_
0000:1385+     _fsopen_
0000:13ba      fopen_
0000:1493*     freopen_
Module: f:\watcom\lib286\dos\clibc.lib(printf)
0000:14d3      printf_
Module: f:\watcom\lib286\dos\clibc.lib(fread)
0000:1500      fread_
Module: f:\watcom\lib286\dos\clibc.lib(fclose)
0000:16b8      fclose_
0000:1704      __shutdown_stream_
0000:1727+     __MkTmpFile_
0000:179e      __doclose_
Module: f:\watcom\lib286\dos\clibc.lib(frealloc)
0000:182f*     _frealloc_
0000:182f      realloc_
Module: f:\watcom\lib286\dos\clibc.lib(fmalloc)
0000:18ff      _fmalloc_
0000:18ff      malloc_
07d1:07c0+     ___fheap
07d1:07c2      ___fheapRover
07d1:07c4      ___LargestSizeB4Rover
07d1:0916*     ___fmalloc_force_nheapgrow
Module: f:\watcom\lib286\dos\clibc.lib(atoi)
0000:1a00      atoi_
Module: f:\watcom\lib286\dos\clibc.lib(cstrt086)
0000:0003*     ___begtext
07d1:0000*     __nullarea
0000:1a74      _cstart_
0000:1b66*     _Not_Enough_Memory_
0000:1c72      __exit_
0000:1c91      __do_exit_with_msg__
0000:1cca      __GETDS
Module: f:\watcom\lib286\dos\clibc.lib(cmodel)
0000:1cd4      _small_code_
0000:1cd4*     CodeModelMismatch
Module: f:\watcom\lib286\dos\clibc.lib(argcv086)
07d1:07c6      __argc
07d1:07c8      __argv
Module: f:\watcom\lib286\dos\clibc.lib(gtime086)
0000:1cd4      _dos_getdate_
0000:1cf2*     _dos_gettime_
Module: f:\watcom\lib286\dos\clibc.lib(find086)
0000:1d10      _dos_findfirst_
0000:1d33      _dos_findnext_
0000:1d47*     _dos_findclose_
Module: f:\watcom\lib286\dos\clibc.lib(strupr)
0000:1d4a      strupr_
0000:1d4a*     _strupr_
Module: f:\watcom\lib286\dos\clibc.lib(getch)
0000:1d6c      getch_
Module: f:\watcom\lib286\dos\clibc.lib(exit)
0000:1d87      __null_int23_exit_
0000:1d88      exit_
0000:1da1+     _exit_
07d1:07cc+     ___atexit
07d1:07ce      ___int23_exit
07d1:07d0      ___FPE_handler_exit
Module: f:\watcom\lib286\dos\clibc.lib(unlnk)
0000:1db7      unlink_
Module: f:\watcom\lib286\dos\clibc.lib(fseek)
0000:1e21      fseek_
Module: f:\watcom\lib286\dos\clibc.lib(stricmp)
0000:1f40      stricmp_
0000:1f40*     _stricmp_
0000:1f40*     strcmpi_
Module: f:\watcom\lib286\dos\clibc.lib(fwrite)
0000:1f81      fwrite_
Module: f:\watcom\lib286\dos\clibc.lib(renam)
0000:212c      rename_
Module: f:\watcom\lib286\dos\clibc.lib(ffree)
0000:2152      _ffree_
0000:2152      free_
Module: f:\watcom\lib286\dos\clibc.lib(stinit)
07d1:1338      ___OpenStreams
Module: f:\watcom\lib286\dos\clibc.lib(setvbuf)
0000:219e      setvbuf_
Module: f:\watcom\lib286\dos\clibc.lib(fprtf)
0000:222e      __fprtf_
Module: f:\watcom\lib286\dos\clibc.lib(environ)
07d1:07d2      _environ
07d1:07d6      ___env_mask
Module: f:\watcom\lib286\dos\clibc.lib(strnicmp)
0000:22b0      strnicmp_
Module: f:\watcom\lib286\dos\clibc.lib(seterrno)
0000:2305*     __set_EDOM_
0000:2308      __set_errno_
0000:231c*     __set_ERANGE_
0000:2321*     __set_EINVAL_
0000:232b      __set_doserrno_
0000:2336*     __FPE_exception_
Module: f:\watcom\lib286\dos\clibc.lib(strncpy)
0000:2344      strncpy_
Module: f:\watcom\lib286\dos\clibc.lib(abort)
0000:2391*     abort_
0000:23a0      __terminate_
07d1:07da      ___abort
Module: f:\watcom\lib286\dos\clibc.lib(sigsy)
0000:244e      __restore_int23_
0000:24d9      __restore_int_ctrl_break_
0000:2501      __grab_int23_
0000:2555      __grab_int_ctrl_break_
Module: f:\watcom\lib286\math87c.lib(grabfpe)
0000:259e      __grab_fpe_
Module: f:\watcom\lib286\dos\clibc.lib(prtf)
0000:25a1      __prtf_
Module: f:\watcom\lib286\dos\clibc.lib(tolower)
0000:302b      tolower_
0000:302b*     _tolower_
Module: f:\watcom\lib286\dos\clibc.lib(open)
0000:3039*     open_
0000:3071      sopen_
0000:320d*     __set_binary_
Module: f:\watcom\lib286\dos\clibc.lib(allocfp)
0000:3264      __allocfp_
0000:3370      __freefp_
0000:33e8      __purgefp_
Module: f:\watcom\lib286\dos\clibc.lib(chktty)
0000:3429      __chktty_
Module: f:\watcom\lib286\dos\clibc.lib(ioalloc)
0000:3450      __ioalloc_
Module: f:\watcom\lib286\dos\clibc.lib(qread)
0000:34c4      __qread_
Module: f:\watcom\lib286\dos\clibc.lib(fgetc)
0000:34e8*     fgetc_
0000:3555+     __filbuf_
0000:3576      __fill_buffer_
Module: f:\watcom\lib286\dos\clibc.lib(gtpid)
0000:361e      getpid_
Module: f:\watcom\lib286\dos\clibc.lib(flush)
0000:3629      __flush_
Module: f:\watcom\lib286\dos\clibc.lib(ftell)
0000:36d9      ftell_
Module: f:\watcom\lib286\dos\clibc.lib(lseek)
0000:372d      lseek_
0000:372d*     _lseek_
Module: f:\watcom\lib286\dos\clibc.lib(_clse)
0000:376d      __close_
Module: f:\watcom\lib286\dos\clibc.lib(remove)
0000:3798      remove_
Module: f:\watcom\lib286\dos\clibc.lib(fmsize)
0000:379b      _fmsize_
0000:379b*     _msize_
Module: f:\watcom\lib286\dos\clibc.lib(nmalloc)
0000:37ac      _nmalloc_
07d1:07e4      ___nheapbeg
07d1:07e6      ___MiniHeapRover
07d1:07e8      ___LargestSizeB4MiniHeapRover
Module: f:\watcom\lib286\dos\clibc.lib(nexpand)
0000:3873      __HeapManager_expand_
0000:39ff      _nexpand_
Module: f:\watcom\lib286\dos\clibc.lib(fexpand)
0000:3a4f      _fexpand_
0000:3a4f*     _expand_
Module: f:\watcom\lib286\dos\clibc.lib(hpgrw086)
0000:3a80      __CMain_nheapgrow_
Module: f:\watcom\lib286\dos\clibc.lib(allocseg)
0000:3a83      __AllocSeg_
Module: f:\watcom\lib286\dos\clibc.lib(memalloc)
0000:3b1c      __MemAllocator
0000:3bc0      __MemFree
Module: f:\watcom\lib286\dos\clibc.lib(growseg)
0000:3cc9      __GrowSeg_
Module: f:\watcom\lib286\dos\clibc.lib(fmemneed)
0000:3dbf      __fmemneed_
Module: f:\watcom\lib286\dos\clibc.lib(heapmod)
07d1:133c      ___fheap_clean
07d1:133d      ___nheap_clean
Module: f:\watcom\lib286\dos\clibc.lib(istable)
07d1:0512      __IsTable
Module: f:\watcom\lib286\dos\clibc.lib(cmain086)
0000:3dc2      __CMain
Module: f:\watcom\lib286\dos\clibc.lib(inirt086)
0000:3e3c      __InitRtns
0000:3e5a      __FiniRtns
0000:3e73*     __FInitRtns
0000:3e77*     __FFiniRtns
Module: f:\watcom\lib286\dos\clibc.lib(xmsg)
0000:3e7b*     __exit_with_msg_
0000:3e7e      __fatal_runtime_error_
Module: f:\watcom\lib286\dos\clibc.lib(crwd086)
07d1:07ea      __curbrk
07d1:07f2      __STACKLOW
07d1:07f4      __STACKTOP
07d1:07f6      __cbyte
07d1:07f8      __child
07d1:07fa      __no87
07d1:0808      __FPE_handler
07d1:0808      ___FPE_handler
07d1:07ec      __psp
07d1:07fc      __get_ovl_stack
07d1:0800      __restore_ovl_stack
07d1:0804      __close_ovl_file
07d1:080c      __LpCmdLine
07d1:0810      __LpPgmName
07d1:07ee      __osmajor
07d1:07ef      __osminor
07d1:07f0      __osmode
07d1:07f1      __HShift
Module: f:\watcom\lib286\dos\clibc.lib(seg086)
0000:3e96      __DOSseg__
Module: f:\watcom\lib286\dos\clibc.lib(initargv)
0000:3e97      __Init_Argv_
Module: f:\watcom\lib286\dos\clibc.lib(error086)
0000:40a0      __doserror_
Module: f:\watcom\lib286\dos\clibc.lib(dosret)
0000:40b0*     _dosret0_
0000:40b7*     _dosretax_
0000:40bc      __set_errno_dos_
Module: f:\watcom\lib286\dos\clibc.lib(tell)
0000:4118      tell_
Module: f:\watcom\lib286\dos\clibc.lib(write)
0000:4127      write_
Module: f:\watcom\lib286\dos\clibc.lib(fputc)
0000:42cb      fputc_
Module: f:\watcom\lib286\dos\clibc.lib(nfree)
0000:436f      _nfree_
Module: f:\watcom\lib286\dos\clibc.lib(initfile)
0000:43f8      __InitFiles_
Module: f:\watcom\lib286\dos\clibc.lib(ioexit)
0000:449b      __full_io_exit_
0000:44a3*     fcloseall_
Module: f:\watcom\lib286\dos\clibc.lib(setenvp)
0000:4527      __setenvp_
Module: f:\watcom\lib286\dos\clibc.lib(errno)
0000:4627      __get_errno_ptr_
0000:462e      __get_doserrno_ptr_
07d1:133e+     __doserrno
07d1:1340+     _errno
Module: f:\watcom\lib286\dos\clibc.lib(chint086)
0000:4636      _chain_intr_
Module: f:\watcom\lib286\dos\clibc.lib(d_setvec)
0000:464d      _dos_setvect_
Module: f:\watcom\lib286\dos\clibc.lib(d_getvec)
0000:465a      _dos_getvect_
Module: f:\watcom\lib286\dos\clibc.lib(grabfp87)
0000:4667      __GrabFP87_
Module: f:\watcom\lib286\dos\clibc.lib(itoa)
0000:46b4+     utoa_
0000:470d      itoa_
0000:470d*     _itoa_
Module: f:\watcom\lib286\dos\clibc.lib(i4m)
0000:472c*     __I4M
0000:472c      __U4M
Module: f:\watcom\lib286\dos\clibc.lib(noefgfmt)
07d1:0828      ___EFG_printf
07d1:082a*     ___EFG_scanf
Module: f:\watcom\lib286\dos\clibc.lib(ltoa)
0000:479d      ultoa_
0000:4808      ltoa_
0000:4834*     _ltoa_
Module: f:\watcom\lib286\dos\clibc.lib(toupper)
0000:4841      toupper_
0000:4841*     _toupper_
Module: f:\watcom\lib286\dos\clibc.lib(isatt)
0000:484f      isatty_
Module: f:\watcom\lib286\dos\clibc.lib(umaskval)
07d1:082c      ___umaskval
Module: f:\watcom\lib286\dos\clibc.lib(iomode)
0000:486b      __IOMode_
0000:48c9      __SetIOMode_
07d1:082e+     ___NFiles
07d1:0830+     ___init_mode
07d1:0858+     __iomode
Module: f:\watcom\lib286\dos\clibc.lib(flushall)
0000:48e4*     flushall_
0000:48e7      __flushall_
Module: f:\watcom\lib286\dos\clibc.lib(gtche)
0000:4942      getche_
Module: f:\watcom\lib286\dos\clibc.lib(qwrit)
0000:495d      __qwrite_
Module: f:\watcom\lib286\dos\clibc.lib(grownear)
0000:4a3f+     __LastFree_
0000:4a6b      __ExpandDGROUP_
Module: f:\watcom\lib286\dos\clibc.lib(nmemneed)
0000:4bb1      __nmemneed_
Module: f:\watcom\lib286\dos\clibc.lib(bfree)
0000:4bb4      _bfree_
Module: f:\watcom\lib286\dos\clibc.lib(bexpand)
0000:4bd2      _bexpand_
Module: f:\watcom\lib286\dos\clibc.lib(heapgrow)
0000:4c27*     _heapgrow_
0000:4c27*     _fheapgrow_
0000:4c28      _nheapgrow_
Module: f:\watcom\lib286\dos\clibc.lib(heapen)
0000:4c9c*     _heapenable_
07d1:085c      ___heap_enabled
Module: f:\watcom\lib286\dos\clibc.lib(amblksiz)
07d1:085e      __amblksiz
Module: f:\watcom\lib286\dos\clibc.lib(___argc)
07d1:1342      ____Argv
07d1:1346      ____Argc
Module: f:\watcom\lib286\dos\clibc.lib(enterdb)
0000:4caf      __EnterWVIDEO_
07d1:0860+     ___WD_Present
Module: f:\watcom\lib286\dos\clibc.lib(stack086)
0000:4cd6      stackavail_
Module: f:\watcom\lib286\dos\clibc.lib(stk086)
0000:4ceb*     __STK
0000:4d0b      __STKOVERFLOW_
Module: f:\watcom\lib286\dos\clibc.lib(fpe87)
0000:4d2c      __Enable_FPE_
0000:4d47      __Init_FPE_handler_
0000:4d83      __Fini_FPE_handler_
0000:4dbd*     __FPEHandler
Module: f:\watcom\lib286\dos\clibc.lib(sbrk)
0000:5068*     sbrk_
0000:5079      __brk_
Module: f:\watcom\lib286\dos\clibc.lib(_8087086)
07d1:087a      __8087
07d1:087b      __real87
Module: f:\watcom\lib286\dos\clibc.lib(fpeint)
07d1:087c      ___FPE_int
Module: f:\watcom\lib286\dos\emu87.lib(initemu.ASM)
0000:fe32*     FIARQQ
0000:4000*     FJARQQ
0000:0e32*     FICRQQ
0000:c000*     FJCRQQ
0000:5c32      FIDRQQ
0000:1632      FIERQQ
0000:0632*     FISRQQ
0000:8000*     FJSRQQ
0000:a23d      FIWRQQ
0000:51ab*     __fini_87_emulator
0000:5118*     __init_87_emulator
Module: f:\watcom\lib286\dos\clibc.lib(chk8087)
0000:5238      __init_8087_
0000:525e*     _fpreset_
0000:5270      __chk8087_
Module: f:\watcom\lib286\dos\emu87.lib(emu8087.ASM)
0000:536a      __int34
0000:53a7      __int3c
Module: f:\watcom\lib286\dos\clibc.lib(ini87086)
0000:7cd0      __init_8087_emu
0000:7cd4      __init_80x87
Module: f:\watcom\lib286\dos\clibc.lib(save8087)
07d1:0910      ___Save8087
07d1:0912      ___Rest8087
Module: f:\watcom\lib286\dos\clibc.lib(8087cw)
07d1:0914      __8087cw


                        +--------------------+
                        |   Libraries Used   |
                        +--------------------+

f:\watcom\lib286\dos\clibc.lib
f:\watcom\lib286\math87c.lib
f:\watcom\lib286\dos\emu87.lib


                        +-----------------------+
                        |   Linker Statistics   |
                        +-----------------------+

Stack size:  2800 (10240.)
Memory size:  ba60 (47712.)
Entry point address: 0000:1a74
